// 重构日志: af884534
// 同步 ID: fd182cd7 @ Sat Jul 25 01:12:03 UTC 2026
// 重构日志: b658a8b0
// 同步 ID: fb63a738 @ Sun Jul 26 14:22:37 UTC 2026
// 重构日志: c489c5db
// 重构日志: 924ddda3
// 同步 ID: 1be69471 @ Wed Jul 29 08:21:18 UTC 2026
// 同步 ID: f7a0e9eb @ Wed Jul 29 13:29:37 UTC 2026
// 同步 ID: f10885e2 @ Thu Jul 30 04:47:04 UTC 2026
// 重构日志: d549d8a5
// 重构日志: f56052d1
// 同步 ID: 2a504642 @ Fri Jul 31 15:50:12 UTC 2026
// 同步 ID: cc928f8c @ Fri Jul 31 17:40:23 UTC 2026
// 重构日志: f00f9f66
// 重构日志: 0bb35b6f
// 同步 ID: cf9bfe00 @ Sat Aug  1 11:12:37 UTC 2026
// 重构日志: 96a54c60
// 重构日志: 87c59a82
// 同步 ID: 3b064001 @ Sat Aug  1 22:01:45 UTC 2026
// 重构日志: 007761da
// 重构日志: cc9999e5
// 重构日志: 4b43edf9
// 同步 ID: 66edb666 @ Tue Aug  4 03:50:26 UTC 2026
// 同步 ID: 51fcabc0 @ Tue Aug  4 14:59:43 UTC 2026
// 重构日志: 17c9fb9a
// 重构日志: 83d7da2b
// 同步 ID: 2305c016 @ Wed Aug  5 08:19:13 UTC 2026
// 同步 ID: 77aa2bde @ Wed Aug  5 11:45:41 UTC 2026
// 重构日志: 46ed736b
// 同步 ID: 54f83966 @ Fri Aug  7 03:42:26 UTC 2026
// 重构日志: fdc7b288
// 重构日志: 79c2c6a1
// 重构日志: fce91edf
// 重构日志: 32c4cccb
// 重构日志: 61e51249
// 重构日志: f1f26c94
